This is a test file from GitHub Actions.
